
   File /usr/local/R_2.15/lib64/R/etc//Renviron.site contains invalid line(s)
      local({
      r["CRAN"] <- "http://cran.stat.ucla.edu"
      if (interactive())
      fortunes::fortune()
      })
   They were ignored


R version 2.15.0 (2012-03-30)
Copyright (C) 2012 The R Foundation for Statistical Computing
ISBN 3-900051-07-0
Platform: x86_64-unknown-linux-gnu (64-bit)

R is free software and comes with ABSOLUTELY NO WARRANTY.
You are welcome to redistribute it under certain conditions.
Type 'license()' or 'licence()' for distribution details.

  Natural language support but running in an English locale

R is a collaborative project with many contributors.
Type 'contributors()' for more information and
'citation()' on how to cite R or R packages in publications.

Type 'demo()' for some demos, 'help()' for on-line help, or
'help.start()' for an HTML browser interface to help.
Type 'q()' to quit R.

[Previously saved workspace restored]

> #!/usr/bin/env Rscript
> 
> #require(utils)
> #print(R.Version())
> #####modified ArrayExpress example from Purvesh
> 
> rm(list=ls())
> gc()
         used (Mb) gc trigger (Mb) max used (Mb)
Ncells 171793  9.2     407500 21.8   350000 18.7
Vcells 272796  2.1    8344182 63.7  9802642 74.8
> require("limma")
Loading required package: limma
> require("RmySQL")
Loading required package: RmySQL
Warning message:
In library(package, lib.loc = lib.loc, character.only = TRUE, logical.return = TRUE,  :
  there is no package called ‘RmySQL’
> 
> 
> #script for .gpr files
> 
> #file path to separate directory of downloaded .gpr files
> 
> filePath = 
+ ("~/expr_breastCancerDatasets/GSE18378/pre-treatment")
> 
> #what array the study used
> array = "gpl_6848"
> 
> fileNames = list.files(filePath)
> 
> #I looked up the array in GEO and noted that it was a "spot" array
> 
> imageAnalysisProgram = "spot"
> RG = read.maimages(fileNames, source = imageAnalysisProgram, path = 
+ filePath, columns =list(Rf="rMedianSignal", Gf="gMedianSignal", Rb 
+ ="rBGMedianSignal", Gb="gBGMedianSignal"))
Read ~/expr_breastCancerDatasets/GSE18378/pre-treatment/GSM458466_10010_TC_N.txt 
Read ~/expr_breastCancerDatasets/GSE18378/pre-treatment/GSM458470_10017_TC_N.txt 
Read ~/expr_breastCancerDatasets/GSE18378/pre-treatment/GSM458474_10018_TC_N.txt 
Read ~/expr_breastCancerDatasets/GSE18378/pre-treatment/GSM458478_10026_TC_N.txt 
Read ~/expr_breastCancerDatasets/GSE18378/pre-treatment/GSM458482_10028_TC_N.txt 
Read ~/expr_breastCancerDatasets/GSE18378/pre-treatment/GSM458484_10036_TC_N.txt 
Read ~/expr_breastCancerDatasets/GSE18378/pre-treatment/GSM458486_10037_TC_N.txt 
Read ~/expr_breastCancerDatasets/GSE18378/pre-treatment/GSM458488_10039_TC_N.txt 
Read ~/expr_breastCancerDatasets/GSE18378/pre-treatment/GSM458490_10040_TC_N.txt 
Read ~/expr_breastCancerDatasets/GSE18378/pre-treatment/GSM458494_10051_TC_N.txt 
Read ~/expr_breastCancerDatasets/GSE18378/pre-treatment/GSM458498_10052_TC_N.txt 
Read ~/expr_breastCancerDatasets/GSE18378/pre-treatment/GSM458502_10054_TC_N.txt 
Read ~/expr_breastCancerDatasets/GSE18378/pre-treatment/GSM458506_10056_TC_N.txt 
Read ~/expr_breastCancerDatasets/GSE18378/pre-treatment/GSM458510_10061_TC_N.txt 
Read ~/expr_breastCancerDatasets/GSE18378/pre-treatment/GSM458512_10064_TC_N.txt 
Read ~/expr_breastCancerDatasets/GSE18378/pre-treatment/GSM458516_09999_TC_N.txt 
Read ~/expr_breastCancerDatasets/GSE18378/pre-treatment/GSM458522_10000_TC_N.txt 
> 
> RGb = backgroundCorrect(RG, method = "normexp", normexp.method = 
+ "rma",offset = 50)
Array 1Loading required package: affy
Loading required package: BiocGenerics

Attaching package: ‘BiocGenerics’

The following object(s) are masked from ‘package:stats’:

    xtabs

The following object(s) are masked from ‘package:base’:

    anyDuplicated, cbind, colnames, duplicated, eval, Filter, Find,
    get, intersect, lapply, Map, mapply, mget, order, paste, pmax,
    pmax.int, pmin, pmin.int, Position, rbind, Reduce, rep.int,
    rownames, sapply, setdiff, table, tapply, union, unique

Loading required package: Biobase
Welcome to Bioconductor

    Vignettes contain introductory material; view with
    'browseVignettes()'. To cite Bioconductor, see
    'citation("Biobase")', and for packages 'citation("pkgname")'.

 corrected
Array 2 corrected
Array 3 corrected
Array 4 corrected
Array 5 corrected
Array 6 corrected
Array 7 corrected
Array 8 corrected
Array 9 corrected
Array 10 corrected
Array 11 corrected
Array 12 corrected
Array 13 corrected
Array 14 corrected
Array 15 corrected
Array 16 corrected
Array 17 corrected
Array 1 corrected
Array 2 corrected
Array 3 corrected
Array 4 corrected
Array 5 corrected
Array 6 corrected
Array 7 corrected
Array 8 corrected
Array 9 corrected
Array 10 corrected
Array 11 corrected
Array 12 corrected
Array 13 corrected
Array 14 corrected
Array 15 corrected
Array 16 corrected
Array 17 corrected
> 
> MA = normalizeWithinArrays(RGb, method = "loess")
> 
> MA.p = normalizeBetweenArrays(MA)
> 
> #string parsing just depends on what file names look like
> GSMID = substring(rownames(MA.p$targets), 4)
> GSMID = strsplit2(as.character(GSMID), "_1")
> #take only the first parsed token from each string for ID
> GSMID = GSMID[,1]
> print(GSMID[1:5])
[1] "458466" "458470" "458474" "458478" "458482"
> 
> print(length(MA.p$targets))
[1] 1
> print((MA.p$targets)[1:3,])
[1] "GSM458466_10010_TC_N.txt" "GSM458470_10017_TC_N.txt"
[3] "GSM458474_10018_TC_N.txt"
> expr = MA.p$M
> 
> #make all positive
> if(min(expr, na.rm=T) <0){
+  expr = expr - min(expr, na.rm=T)
+ }else{
+  expr = expr + min(expr, na.rm=T)
+ } 
> 
> 
> dim(expr)
[1] 41000    17
> summary(expr)
 GSM458466_10010_TC_N GSM458470_10017_TC_N GSM458474_10018_TC_N
 Min.   : 0.8379      Min.   : 1.072       Min.   : 1.253      
 1st Qu.: 6.8633      1st Qu.: 6.870       1st Qu.: 6.920      
 Median : 7.4472      Median : 7.451       Median : 7.449      
 Mean   : 7.3553      Mean   : 7.344       Mean   : 7.358      
 3rd Qu.: 7.9402      3rd Qu.: 7.935       3rd Qu.: 7.883      
 Max.   :15.1109      Max.   :14.034       Max.   :16.393      
 GSM458478_10026_TC_N GSM458482_10028_TC_N GSM458484_10036_TC_N
 Min.   : 1.509       Min.   : 1.499       Min.   : 1.787      
 1st Qu.: 6.899       1st Qu.: 6.983       1st Qu.: 6.786      
 Median : 7.465       Median : 7.457       Median : 7.464      
 Mean   : 7.339       Mean   : 7.373       Mean   : 7.338      
 3rd Qu.: 7.896       3rd Qu.: 7.837       3rd Qu.: 8.021      
 Max.   :14.014       Max.   :13.976       Max.   :13.881      
 GSM458486_10037_TC_N GSM458488_10039_TC_N GSM458490_10040_TC_N
 Min.   : 1.614       Min.   : 1.780       Min.   : 1.809      
 1st Qu.: 6.883       1st Qu.: 6.913       1st Qu.: 6.920      
 Median : 7.469       Median : 7.461       Median : 7.466      
 Mean   : 7.341       Mean   : 7.355       Mean   : 7.366      
 3rd Qu.: 7.912       3rd Qu.: 7.896       3rd Qu.: 7.894      
 Max.   :13.760       Max.   :14.097       Max.   :13.824      
 GSM458494_10051_TC_N GSM458498_10052_TC_N GSM458502_10054_TC_N
 Min.   : 1.452       Min.   : 0.7828      Min.   : 1.197      
 1st Qu.: 6.899       1st Qu.: 6.8209      1st Qu.: 6.866      
 Median : 7.478       Median : 7.4797      Median : 7.489      
 Mean   : 7.333       Mean   : 7.3108      Mean   : 7.321      
 3rd Qu.: 7.900       3rd Qu.: 7.9594      3rd Qu.: 7.908      
 Max.   :15.544       Max.   :16.3664      Max.   :15.290      
 GSM458506_10056_TC_N GSM458510_10061_TC_N GSM458512_10064_TC_N
 Min.   : 0.5335      Min.   : 0.9708      Min.   : 0.000      
 1st Qu.: 6.7029      1st Qu.: 6.8672      1st Qu.: 6.595      
 Median : 7.4766      Median : 7.4696      Median : 7.472      
 Mean   : 7.3729      Mean   : 7.3393      Mean   : 7.381      
 3rd Qu.: 8.1341      3rd Qu.: 7.9091      3rd Qu.: 8.236      
 Max.   :14.5274      Max.   :15.7604      Max.   :16.170      
 GSM458516_09999_TC_N GSM458522_10000_TC_N
 Min.   : 0.7143      Min.   : 1.290      
 1st Qu.: 6.8475      1st Qu.: 6.949      
 Median : 7.4617      Median : 7.484      
 Mean   : 7.3443      Mean   : 7.341      
 3rd Qu.: 7.9430      3rd Qu.: 7.850      
 Max.   :15.7374      Max.   :16.072      
> 
> setwd("~/GeneSymbol")
> load("GPL6848_GeneSymbol.RData")
> #pull out the Gene Symbol list you previously created to get probes
> names(annot)
[1] "ID"         "REFSEQ"     "GB_ACC"     "GENE"       "UNIGENE_ID"
[6] "GeneSymbol"
> dim(annot)
[1] 41000     6
> 
> reporterID = annot$ID
> 
> #use Purvesh's codee to get GeneSymbol for consistency.
> 
> source("~/global_R_code/db_functions.r")
> con = connect.db("ywrfc09", "aveelyau05", host = "buttelab-db1", dbname = "annot_gpl")
Loading required package: DBI
Loading required package: RMySQL
> dataMapping = mapProbesToGenes.db(con, reporterID, map.to = "Symbol", 
+ gpl.table = array)
> dbDisconnect(con)
[1] TRUE
> 
> keys = dataMapping[reporterID,"gene"]
Error: subscript out of bounds
Execution halted
